QA output created by 400
Launch all quotas
Ask for ID after 4294967293 expecting nothing
Ask for ID after 4294967293 expecting nothing
